// Jest Snapshot v1, https://goo.gl/fbAQLP

exports[`render and snapshot 1`] = `
<div>
  <div>
    <h1
      class="large text-primary"
    >
      Add Profile
    </h1>
    <p
      class="lead"
    >
      <i
        class="fas fa-code-branch"
      />
    </p>
    <small>
      * = required field
    </small>
    <form
      class="form"
    >
      <div
        class="form-group"
      >
        <label>
          Portfolio
        </label>
        <input
          name="school"
          placeholder=""
          required=""
          type="text"
          value=""
        />
      </div>
      <div
        class="form-group"
      >
        <label>
          Property Name
        </label>
        <input
          name="school"
          placeholder=""
          required=""
          type="text"
          value=""
        />
      </div>
      <div
        class="form-group"
      >
        <label>
          Number Of Apartments
        </label>
        <input
          name="school"
          placeholder=""
          required=""
          type="text"
          value=""
        />
      </div>
      <div
        class="form-group"
      >
        <label>
          Address
        </label>
        <input
          name="school"
          placeholder=""
          required=""
          type="text"
          value=""
        />
      </div>
      <div
        class="form-group"
      >
        <label>
          City
        </label>
        <input
          name="degree"
          placeholder=""
          required=""
          type="text"
          value=""
        />
      </div>
      <div
        class="form-group"
      >
        <label>
          State
        </label>
        <input
          name="fieldofstudy"
          placeholder=""
          type="text"
          value=""
        />
      </div>
      <div
        class="form-group"
      >
        <label>
          Zip
        </label>
        <input
          name="fieldofstudy"
          placeholder=""
          type="text"
          value=""
        />
      </div>
      <div
        class="form-group"
      >
        <label>
          Add Unit
        </label>
        <input
          name="school"
          placeholder=""
          required=""
          type="text"
          value=""
        />
      </div>
      <input
        class="btn btn-primary my-1"
        type="submit"
        value="Submit Profile & Add Property Information"
      />
    </form>
  </div>
</div>
`;
